15:32:19:454 [main] DEBUG org.apache.poi.openxml4j.opc.PackageRelationshipCollection - Parsing relationship: /_rels/.rels
15:32:19:494 [main] DEBUG org.apache.poi.openxml4j.opc.PackageRelationshipCollection - Parsing relationship: /xl/_rels/workbook.xml.rels
15:32:19:496 [main] DEBUG org.apache.poi.openxml4j.opc.PackageRelationshipCollection - Parsing relationship: /xl/worksheets/_rels/sheet1.xml.rels
15:32:19:497 [main] DEBUG org.apache.poi.openxml4j.opc.PackageRelationshipCollection - Parsing relationship: /_rels/.rels
15:32:19:531 [main] DEBUG org.apache.poi.openxml4j.opc.PackageRelationshipCollection - Parsing relationship: /xl/_rels/workbook.xml.rels
15:32:19:533 [main] DEBUG org.apache.poi.openxml4j.opc.PackageRelationshipCollection - Parsing relationship: /xl/worksheets/_rels/sheet1.xml.rels
15:32:19:535 [main] DEBUG org.apache.poi.openxml4j.opc.PackageRelationshipCollection - Parsing relationship: /_rels/.rels
15:32:19:565 [main] DEBUG org.apache.poi.openxml4j.opc.PackageRelationshipCollection - Parsing relationship: /xl/_rels/workbook.xml.rels
15:32:19:567 [main] DEBUG org.apache.poi.openxml4j.opc.PackageRelationshipCollection - Parsing relationship: /xl/worksheets/_rels/sheet1.xml.rels
15:32:19:568 [main] DEBUG org.apache.poi.openxml4j.opc.PackageRelationshipCollection - Parsing relationship: /_rels/.rels
22:38:04:914 [main] DEBUG org.testng.TestNG - suiteXmlPath: "C:\Users\DhanuDJ\eclipse-workspace\Opencartv121\Master.xml"
22:38:05:543 [main] INFO  org.testng.internal.Utils - [TestNG] Running:
  C:\Users\DhanuDJ\eclipse-workspace\Opencartv121\Master.xml

22:38:12:218 [main] INFO  testCases.Tc_002_LoginTest - *** Started My Tc_002_LoginTest
22:38:12:849 [main] INFO  testCases.Tc_002_LoginTest - Entered EmailID
22:38:13:280 [main] INFO  testCases.Tc_002_LoginTest - Entered password
22:38:13:423 [main] INFO  testCases.Tc_002_LoginTest - Click on Login
22:38:14:362 [main] INFO  testCases.Tc_002_LoginTest - Is Amy account page confirmation
22:38:14:460 [main] INFO  testCases.Tc_002_LoginTest - ** Completed my Test case
22:38:17:716 [main] INFO  testCases.TC_001_AccountRegistration_test - ** Started My Test Case TC_001_AccountRegistration_test
22:38:17:912 [main] INFO  testCases.TC_001_AccountRegistration_test - Click on My Account Page
22:38:18:401 [main] INFO  testCases.TC_001_AccountRegistration_test - Click on My Register Page
22:38:18:407 [main] INFO  testCases.TC_001_AccountRegistration_test - Providing Registartion Details
22:38:21:104 [main] INFO  testCases.TC_001_AccountRegistration_test - Validation Message
22:38:21:196 [main] INFO  testCases.TC_001_AccountRegistration_test - Completed my Test Case
22:40:21:918 [main] DEBUG org.testng.TestNG - suiteXmlPath: "C:\Users\DhanuDJ\eclipse-workspace\Opencartv121\Master.xml"
22:40:22:605 [main] INFO  org.testng.internal.Utils - [TestNG] Running:
  C:\Users\DhanuDJ\eclipse-workspace\Opencartv121\Master.xml

22:40:23:390 [main] INFO  testCases.Tc_002_LoginTest - *** Started My Tc_002_LoginTest
22:42:27:980 [main] DEBUG org.testng.TestNG - suiteXmlPath: "C:\Users\DhanuDJ\eclipse-workspace\Opencartv121\Master.xml"
22:42:28:567 [main] INFO  org.testng.internal.Utils - [TestNG] Running:
  C:\Users\DhanuDJ\eclipse-workspace\Opencartv121\Master.xml

22:42:29:437 [main] INFO  testCases.Tc_002_LoginTest - *** Started My Tc_002_LoginTest
22:56:42:112 [main] DEBUG org.testng.TestNG - suiteXmlPath: "C:\Users\DhanuDJ\eclipse-workspace\Opencartv121\Master.xml"
22:56:42:545 [main] INFO  org.testng.internal.Utils - [TestNG] Running:
  C:\Users\DhanuDJ\eclipse-workspace\Opencartv121\Master.xml

23:00:25:844 [main] DEBUG org.testng.TestNG - suiteXmlPath: "C:\Users\DhanuDJ\eclipse-workspace\Opencartv121\Master.xml"
23:00:26:288 [main] INFO  org.testng.internal.Utils - [TestNG] Running:
  C:\Users\DhanuDJ\eclipse-workspace\Opencartv121\Master.xml

23:00:26:769 [main] INFO  testCases.Tc_002_LoginTest - *** Started My Tc_002_LoginTest
23:10:59:722 [main] DEBUG org.testng.TestNG - suiteXmlPath: "C:\Users\DhanuDJ\eclipse-workspace\Opencartv121\Master.xml"
23:11:00:106 [main] INFO  org.testng.internal.Utils - [TestNG] Running:
  C:\Users\DhanuDJ\eclipse-workspace\Opencartv121\Master.xml

23:11:00:520 [main] INFO  testCases.Tc_002_LoginTest - *** Started My Tc_002_LoginTest
23:14:49:445 [main] DEBUG org.testng.TestNG - suiteXmlPath: "C:\Users\DhanuDJ\eclipse-workspace\Opencartv121\Master.xml"
23:14:49:852 [main] INFO  org.testng.internal.Utils - [TestNG] Running:
  C:\Users\DhanuDJ\eclipse-workspace\Opencartv121\Master.xml

23:14:50:329 [main] INFO  testCases.Tc_002_LoginTest - *** Started My Tc_002_LoginTest
23:23:50:010 [main] DEBUG org.testng.TestNG - suiteXmlPath: "C:\Users\DhanuDJ\eclipse-workspace\Opencartv121\Master.xml"
23:23:50:430 [main] INFO  org.testng.internal.Utils - [TestNG] Running:
  C:\Users\DhanuDJ\eclipse-workspace\Opencartv121\Master.xml

23:23:50:884 [main] INFO  testCases.Tc_002_LoginTest - *** Started My Tc_002_LoginTest
