20:57:22:565 [main] DEBUG org.testng.TestNG - suiteXmlPath: "C:\Users\DhanuDJ\eclipse-workspace\Opencartv121\testng.xml"
20:57:23:050 [main] INFO  org.testng.internal.Utils - [TestNG] Running:
  C:\Users\DhanuDJ\eclipse-workspace\Opencartv121\testng.xml

20:58:39:747 [main] DEBUG org.testng.TestNG - suiteXmlPath: "C:\Users\DhanuDJ\eclipse-workspace\Opencartv121\testng.xml"
20:58:40:159 [main] INFO  org.testng.internal.Utils - [TestNG] Running:
  C:\Users\DhanuDJ\eclipse-workspace\Opencartv121\testng.xml

21:00:57:277 [main] DEBUG org.testng.TestNG - suiteXmlPath: "C:\Users\DhanuDJ\eclipse-workspace\Opencartv121\testng.xml"
21:00:57:753 [main] INFO  org.testng.internal.Utils - [TestNG] Running:
  C:\Users\DhanuDJ\eclipse-workspace\Opencartv121\testng.xml

21:01:49:927 [main] DEBUG org.testng.TestNG - suiteXmlPath: "C:\Users\DhanuDJ\eclipse-workspace\Opencartv121\testng.xml"
21:01:50:281 [main] INFO  org.testng.internal.Utils - [TestNG] Running:
  C:\Users\DhanuDJ\eclipse-workspace\Opencartv121\testng.xml

21:03:53:952 [main] DEBUG org.testng.TestNG - suiteXmlPath: "C:\Users\DhanuDJ\eclipse-workspace\Opencartv121\testng.xml"
21:03:54:324 [main] INFO  org.testng.internal.Utils - [TestNG] Running:
  C:\Users\DhanuDJ\eclipse-workspace\Opencartv121\testng.xml

21:04:46:558 [main] DEBUG org.testng.TestNG - suiteXmlPath: "C:\Users\DhanuDJ\eclipse-workspace\Opencartv121\testng.xml"
21:04:46:975 [main] INFO  org.testng.internal.Utils - [TestNG] Running:
  C:\Users\DhanuDJ\eclipse-workspace\Opencartv121\testng.xml

21:05:47:572 [main] DEBUG org.testng.TestNG - suiteXmlPath: "C:\Users\DhanuDJ\eclipse-workspace\Opencartv121\testng.xml"
21:05:47:934 [main] INFO  org.testng.internal.Utils - [TestNG] Running:
  C:\Users\DhanuDJ\eclipse-workspace\Opencartv121\testng.xml

21:08:54:418 [main] DEBUG org.testng.TestNG - suiteXmlPath: "C:\Users\DhanuDJ\eclipse-workspace\Opencartv121\testng.xml"
21:08:54:871 [main] INFO  org.testng.internal.Utils - [TestNG] Running:
  C:\Users\DhanuDJ\eclipse-workspace\Opencartv121\testng.xml

21:08:58:781 [main] DEBUG org.apache.poi.openxml4j.opc.PackageRelationshipCollection - Parsing relationship: /xl/_rels/workbook.xml.rels
21:08:58:786 [main] DEBUG org.apache.poi.openxml4j.opc.PackageRelationshipCollection - Parsing relationship: /xl/worksheets/_rels/sheet1.xml.rels
21:08:58:789 [main] DEBUG org.apache.poi.openxml4j.opc.PackageRelationshipCollection - Parsing relationship: /_rels/.rels
21:08:59:650 [main] DEBUG org.apache.poi.openxml4j.opc.PackageRelationshipCollection - Parsing relationship: /xl/_rels/workbook.xml.rels
21:08:59:651 [main] DEBUG org.apache.poi.openxml4j.opc.PackageRelationshipCollection - Parsing relationship: /xl/worksheets/_rels/sheet1.xml.rels
21:08:59:653 [main] DEBUG org.apache.poi.openxml4j.opc.PackageRelationshipCollection - Parsing relationship: /_rels/.rels
21:11:50:525 [main] DEBUG org.testng.TestNG - suiteXmlPath: "C:\Users\DhanuDJ\eclipse-workspace\Opencartv121\testng.xml"
21:11:50:938 [main] INFO  org.testng.internal.Utils - [TestNG] Running:
  C:\Users\DhanuDJ\eclipse-workspace\Opencartv121\testng.xml

21:11:54:842 [main] DEBUG org.apache.poi.openxml4j.opc.PackageRelationshipCollection - Parsing relationship: /xl/_rels/workbook.xml.rels
21:11:54:846 [main] DEBUG org.apache.poi.openxml4j.opc.PackageRelationshipCollection - Parsing relationship: /xl/worksheets/_rels/sheet1.xml.rels
21:11:54:848 [main] DEBUG org.apache.poi.openxml4j.opc.PackageRelationshipCollection - Parsing relationship: /_rels/.rels
21:11:55:561 [main] DEBUG org.apache.poi.openxml4j.opc.PackageRelationshipCollection - Parsing relationship: /xl/_rels/workbook.xml.rels
21:11:55:562 [main] DEBUG org.apache.poi.openxml4j.opc.PackageRelationshipCollection - Parsing relationship: /xl/worksheets/_rels/sheet1.xml.rels
21:11:55:564 [main] DEBUG org.apache.poi.openxml4j.opc.PackageRelationshipCollection - Parsing relationship: /_rels/.rels
21:22:09:085 [main] DEBUG org.testng.TestNG - suiteXmlPath: "C:\Users\DhanuDJ\eclipse-workspace\Opencartv121\testng.xml"
21:22:09:520 [main] INFO  org.testng.internal.Utils - [TestNG] Running:
  C:\Users\DhanuDJ\eclipse-workspace\Opencartv121\testng.xml

21:22:14:244 [main] DEBUG org.apache.poi.openxml4j.opc.PackageRelationshipCollection - Parsing relationship: /xl/_rels/workbook.xml.rels
21:22:14:259 [main] DEBUG org.apache.poi.openxml4j.opc.PackageRelationshipCollection - Parsing relationship: /xl/worksheets/_rels/sheet1.xml.rels
21:22:14:262 [main] DEBUG org.apache.poi.openxml4j.opc.PackageRelationshipCollection - Parsing relationship: /_rels/.rels
21:22:15:631 [main] DEBUG org.apache.poi.openxml4j.opc.PackageRelationshipCollection - Parsing relationship: /xl/_rels/workbook.xml.rels
21:22:15:632 [main] DEBUG org.apache.poi.openxml4j.opc.PackageRelationshipCollection - Parsing relationship: /xl/worksheets/_rels/sheet1.xml.rels
21:22:15:635 [main] DEBUG org.apache.poi.openxml4j.opc.PackageRelationshipCollection - Parsing relationship: /_rels/.rels
