19:41:30:139 [main] INFO  testCases.TC_001_AccountRegistration_test - Click on My Register Page
19:41:30:152 [main] INFO  testCases.TC_001_AccountRegistration_test - Providing Registartion Details
19:41:32:407 [main] INFO  testCases.TC_001_AccountRegistration_test - Validation Message
19:41:32:498 [main] INFO  testCases.TC_001_AccountRegistration_test - Completed my Test Case
19:44:54:126 [main] DEBUG org.testng.TestNG - suiteXmlPath: "C:\Users\DhanuDJ\eclipse-workspace\Opencartv121\Sgrid.xml"
19:44:54:739 [main] INFO  org.testng.internal.Utils - [TestNG] Running:
  C:\Users\DhanuDJ\eclipse-workspace\Opencartv121\Sgrid.xml

19:44:55:411 [main] INFO  testCases.TC_001_AccountRegistration_test - ** Started My Test Case TC_001_AccountRegistration_test
19:45:47:086 [main] DEBUG org.testng.TestNG - suiteXmlPath: "C:\Users\DhanuDJ\eclipse-workspace\Opencartv121\Sgrid.xml"
19:45:47:535 [main] INFO  org.testng.internal.Utils - [TestNG] Running:
  C:\Users\DhanuDJ\eclipse-workspace\Opencartv121\Sgrid.xml

19:46:00:870 [main] INFO  testCases.TC_001_AccountRegistration_test - ** Started My Test Case TC_001_AccountRegistration_test
19:46:01:182 [main] INFO  testCases.TC_001_AccountRegistration_test - Click on My Account Page
19:46:01:871 [main] INFO  testCases.TC_001_AccountRegistration_test - Click on My Register Page
19:46:01:874 [main] INFO  testCases.TC_001_AccountRegistration_test - Providing Registartion Details
19:46:04:620 [main] INFO  testCases.TC_001_AccountRegistration_test - Validation Message
19:46:04:726 [main] INFO  testCases.TC_001_AccountRegistration_test - Completed my Test Case
19:47:33:390 [main] DEBUG org.testng.TestNG - suiteXmlPath: "C:\Users\DhanuDJ\eclipse-workspace\Opencartv121\CrossBrowserTesting.xml"
19:47:33:936 [main] INFO  org.testng.internal.Utils - [TestNG] Running:
  C:\Users\DhanuDJ\eclipse-workspace\Opencartv121\CrossBrowserTesting.xml

13:09:11:794 [main] DEBUG org.testng.TestNG - suiteXmlPath: "C:\Users\DhanuDJ\eclipse-workspace\Opencartv121\Master.xml"
13:09:12:389 [main] INFO  org.testng.internal.Utils - [TestNG] Running:
  C:\Users\DhanuDJ\eclipse-workspace\Opencartv121\Master.xml

13:10:39:919 [main] DEBUG org.testng.TestNG - suiteXmlPath: "C:\Users\DhanuDJ\eclipse-workspace\Opencartv121\Master.xml"
13:10:40:435 [main] INFO  org.testng.internal.Utils - [TestNG] Running:
  C:\Users\DhanuDJ\eclipse-workspace\Opencartv121\Master.xml

13:13:21:900 [main] DEBUG org.testng.TestNG - suiteXmlPath: "C:\Users\DhanuDJ\eclipse-workspace\Opencartv121\Master.xml"
13:13:22:436 [main] INFO  org.testng.internal.Utils - [TestNG] Running:
  C:\Users\DhanuDJ\eclipse-workspace\Opencartv121\Master.xml

13:13:30:602 [main] INFO  testCases.Tc_002_LoginTest - *** Started My Tc_002_LoginTest
13:13:31:164 [main] INFO  testCases.Tc_002_LoginTest - Entered EmailID
13:13:31:403 [main] INFO  testCases.Tc_002_LoginTest - Entered password
13:13:31:529 [main] INFO  testCases.Tc_002_LoginTest - Click on Login
13:13:32:688 [main] INFO  testCases.Tc_002_LoginTest - Is Amy account page confirmation
13:13:32:765 [main] INFO  testCases.Tc_002_LoginTest - ** Completed my Test case
13:13:37:022 [main] INFO  testCases.TC_001_AccountRegistration_test - ** Started My Test Case TC_001_AccountRegistration_test
13:13:37:195 [main] INFO  testCases.TC_001_AccountRegistration_test - Click on My Account Page
13:13:38:184 [main] INFO  testCases.TC_001_AccountRegistration_test - Click on My Register Page
13:13:38:188 [main] INFO  testCases.TC_001_AccountRegistration_test - Providing Registartion Details
13:13:40:383 [main] INFO  testCases.TC_001_AccountRegistration_test - Validation Message
13:13:40:463 [main] INFO  testCases.TC_001_AccountRegistration_test - Completed my Test Case
20:02:23:983 [main] DEBUG org.testng.TestNG - suiteXmlPath: "C:\Users\DhanuDJ\eclipse-workspace\Opencartv121\MasterTest.xml"
21:11:22:767 [main] DEBUG org.testng.TestNG - suiteXmlPath: "C:\Users\DhanuDJ\eclipse-workspace\Opencartv121\MasterTest.xml"
21:11:43:097 [main] INFO  testCases.Tc_002_LoginTest - *** Started My Tc_002_LoginTest
21:11:43:616 [main] INFO  testCases.Tc_002_LoginTest - Entered EmailID
21:11:43:816 [main] INFO  testCases.Tc_002_LoginTest - Entered password
21:11:43:900 [main] INFO  testCases.Tc_002_LoginTest - Click on Login
21:11:43:985 [main] INFO  testCases.Tc_002_LoginTest - Is Amy account page confirmation
21:11:45:301 [main] INFO  testCases.Tc_002_LoginTest - ** Completed my Test case
21:11:50:262 [main] INFO  testCases.TC_001_AccountRegistration_test - ** Started My Test Case TC_001_AccountRegistration_test
21:11:50:366 [main] INFO  testCases.TC_001_AccountRegistration_test - Click on My Account Page
21:11:50:831 [main] INFO  testCases.TC_001_AccountRegistration_test - Click on My Register Page
21:11:50:834 [main] INFO  testCases.TC_001_AccountRegistration_test - Providing Registartion Details
21:11:52:571 [main] INFO  testCases.TC_001_AccountRegistration_test - Validation Message
21:11:52:608 [main] INFO  testCases.TC_001_AccountRegistration_test - Completed my Test Case
