21:02:43:704 [main] DEBUG org.apache.poi.openxml4j.opc.PackageRelationshipCollection - Parsing relationship: /xl/_rels/workbook.xml.rels
21:02:43:736 [main] DEBUG org.apache.poi.openxml4j.opc.PackageRelationshipCollection - Parsing relationship: /xl/worksheets/_rels/sheet1.xml.rels
21:02:43:739 [main] DEBUG org.apache.poi.openxml4j.opc.PackageRelationshipCollection - Parsing relationship: /_rels/.rels
21:12:04:305 [main] DEBUG org.testng.TestNG - suiteXmlPath: "C:\Users\DhanuDJ\eclipse-workspace\Opencartv121\testng.xml"
21:12:04:879 [main] INFO  org.testng.internal.Utils - [TestNG] Running:
  C:\Users\DhanuDJ\eclipse-workspace\Opencartv121\testng.xml

21:12:10:989 [main] DEBUG org.apache.poi.openxml4j.opc.PackageRelationshipCollection - Parsing relationship: /xl/_rels/workbook.xml.rels
21:12:10:999 [main] DEBUG org.apache.poi.openxml4j.opc.PackageRelationshipCollection - Parsing relationship: /xl/worksheets/_rels/sheet1.xml.rels
21:12:11:002 [main] DEBUG org.apache.poi.openxml4j.opc.PackageRelationshipCollection - Parsing relationship: /_rels/.rels
21:12:12:056 [main] DEBUG org.apache.poi.openxml4j.opc.PackageRelationshipCollection - Parsing relationship: /xl/_rels/workbook.xml.rels
21:12:12:057 [main] DEBUG org.apache.poi.openxml4j.opc.PackageRelationshipCollection - Parsing relationship: /xl/worksheets/_rels/sheet1.xml.rels
21:12:12:059 [main] DEBUG org.apache.poi.openxml4j.opc.PackageRelationshipCollection - Parsing relationship: /_rels/.rels
21:34:54:327 [main] DEBUG org.testng.TestNG - suiteXmlPath: "C:\Users\DhanuDJ\eclipse-workspace\Opencartv121\testng.xml"
21:34:54:866 [main] INFO  org.testng.internal.Utils - [TestNG] Running:
  C:\Users\DhanuDJ\eclipse-workspace\Opencartv121\testng.xml

21:34:59:305 [main] DEBUG org.apache.poi.openxml4j.opc.PackageRelationshipCollection - Parsing relationship: /xl/_rels/workbook.xml.rels
21:34:59:320 [main] DEBUG org.apache.poi.openxml4j.opc.PackageRelationshipCollection - Parsing relationship: /xl/worksheets/_rels/sheet1.xml.rels
21:34:59:322 [main] DEBUG org.apache.poi.openxml4j.opc.PackageRelationshipCollection - Parsing relationship: /_rels/.rels
21:35:00:723 [main] DEBUG org.apache.poi.openxml4j.opc.PackageRelationshipCollection - Parsing relationship: /xl/_rels/workbook.xml.rels
21:35:00:724 [main] DEBUG org.apache.poi.openxml4j.opc.PackageRelationshipCollection - Parsing relationship: /xl/worksheets/_rels/sheet1.xml.rels
21:35:00:726 [main] DEBUG org.apache.poi.openxml4j.opc.PackageRelationshipCollection - Parsing relationship: /_rels/.rels
21:43:16:847 [main] DEBUG org.testng.TestNG - suiteXmlPath: "C:\Users\DhanuDJ\eclipse-workspace\Opencartv121\testng.xml"
21:43:17:311 [main] INFO  org.testng.internal.Utils - [TestNG] Running:
  C:\Users\DhanuDJ\eclipse-workspace\Opencartv121\testng.xml

21:43:21:837 [main] DEBUG org.apache.poi.openxml4j.opc.PackageRelationshipCollection - Parsing relationship: /xl/_rels/workbook.xml.rels
21:43:21:854 [main] DEBUG org.apache.poi.openxml4j.opc.PackageRelationshipCollection - Parsing relationship: /xl/worksheets/_rels/sheet1.xml.rels
21:43:21:856 [main] DEBUG org.apache.poi.openxml4j.opc.PackageRelationshipCollection - Parsing relationship: /_rels/.rels
21:43:23:428 [main] DEBUG org.apache.poi.openxml4j.opc.PackageRelationshipCollection - Parsing relationship: /xl/_rels/workbook.xml.rels
21:43:23:430 [main] DEBUG org.apache.poi.openxml4j.opc.PackageRelationshipCollection - Parsing relationship: /xl/worksheets/_rels/sheet1.xml.rels
21:43:23:432 [main] DEBUG org.apache.poi.openxml4j.opc.PackageRelationshipCollection - Parsing relationship: /_rels/.rels
21:44:55:867 [main] DEBUG org.testng.TestNG - suiteXmlPath: "C:\Users\DhanuDJ\eclipse-workspace\Opencartv121\testng.xml"
21:44:56:349 [main] INFO  org.testng.internal.Utils - [TestNG] Running:
  C:\Users\DhanuDJ\eclipse-workspace\Opencartv121\testng.xml

21:45:01:377 [main] DEBUG org.apache.poi.openxml4j.opc.PackageRelationshipCollection - Parsing relationship: /xl/_rels/workbook.xml.rels
21:45:01:388 [main] DEBUG org.apache.poi.openxml4j.opc.PackageRelationshipCollection - Parsing relationship: /xl/worksheets/_rels/sheet1.xml.rels
21:45:01:391 [main] DEBUG org.apache.poi.openxml4j.opc.PackageRelationshipCollection - Parsing relationship: /_rels/.rels
21:45:02:777 [main] DEBUG org.apache.poi.openxml4j.opc.PackageRelationshipCollection - Parsing relationship: /xl/_rels/workbook.xml.rels
21:45:02:779 [main] DEBUG org.apache.poi.openxml4j.opc.PackageRelationshipCollection - Parsing relationship: /xl/worksheets/_rels/sheet1.xml.rels
21:45:02:781 [main] DEBUG org.apache.poi.openxml4j.opc.PackageRelationshipCollection - Parsing relationship: /_rels/.rels
21:47:48:244 [main] DEBUG org.testng.TestNG - suiteXmlPath: "C:\Users\DhanuDJ\eclipse-workspace\Opencartv121\testng.xml"
21:47:48:719 [main] INFO  org.testng.internal.Utils - [TestNG] Running:
  C:\Users\DhanuDJ\eclipse-workspace\Opencartv121\testng.xml

21:47:49:291 [main] DEBUG org.apache.poi.openxml4j.opc.PackageRelationshipCollection - Parsing relationship: /xl/_rels/workbook.xml.rels
