23:25:57:168 [main] DEBUG org.testng.TestNG - suiteXmlPath: "C:\Users\DhanuDJ\eclipse-workspace\Opencartv121\Master.xml"
23:25:57:603 [main] INFO  org.testng.internal.Utils - [TestNG] Running:
  C:\Users\DhanuDJ\eclipse-workspace\Opencartv121\Master.xml

23:26:02:490 [main] INFO  testCases.Tc_002_LoginTest - *** Started My Tc_002_LoginTest
23:26:03:084 [main] INFO  testCases.Tc_002_LoginTest - Entered EmailID
23:26:03:283 [main] INFO  testCases.Tc_002_LoginTest - Entered password
23:26:03:403 [main] INFO  testCases.Tc_002_LoginTest - Click on Login
23:26:04:278 [main] INFO  testCases.Tc_002_LoginTest - Is Amy account page confirmation
23:26:04:378 [main] INFO  testCases.Tc_002_LoginTest - ** Completed my Test case
23:27:47:875 [main] DEBUG org.testng.TestNG - suiteXmlPath: "C:\Users\DhanuDJ\eclipse-workspace\Opencartv121\Master.xml"
23:27:48:314 [main] INFO  org.testng.internal.Utils - [TestNG] Running:
  C:\Users\DhanuDJ\eclipse-workspace\Opencartv121\Master.xml

23:27:52:243 [main] INFO  testCases.Tc_002_LoginTest - *** Started My Tc_002_LoginTest
23:27:52:891 [main] INFO  testCases.Tc_002_LoginTest - Entered EmailID
23:27:53:099 [main] INFO  testCases.Tc_002_LoginTest - Entered password
23:27:53:231 [main] INFO  testCases.Tc_002_LoginTest - Click on Login
23:27:53:368 [main] INFO  testCases.Tc_002_LoginTest - Is Amy account page confirmation
23:27:54:199 [main] INFO  testCases.Tc_002_LoginTest - ** Completed my Test case
23:27:57:006 [main] INFO  testCases.TC_001_AccountRegistration_test - ** Started My Test Case TC_001_AccountRegistration_test
23:27:57:167 [main] INFO  testCases.TC_001_AccountRegistration_test - Click on My Account Page
23:27:57:781 [main] INFO  testCases.TC_001_AccountRegistration_test - Click on My Register Page
23:27:57:785 [main] INFO  testCases.TC_001_AccountRegistration_test - Providing Registartion Details
23:27:59:858 [main] INFO  testCases.TC_001_AccountRegistration_test - Validation Message
23:27:59:917 [main] INFO  testCases.TC_001_AccountRegistration_test - Completed my Test Case
23:31:10:526 [main] DEBUG org.testng.TestNG - suiteXmlPath: "C:\Users\DhanuDJ\eclipse-workspace\Opencartv121\CrossBrowserTesting.xml"
23:31:10:928 [main] INFO  org.testng.internal.Utils - [TestNG] Running:
  C:\Users\DhanuDJ\eclipse-workspace\Opencartv121\CrossBrowserTesting.xml

23:31:16:216 [TestNG-tests-1] INFO  testCases.TC_001_AccountRegistration_test - ** Started My Test Case TC_001_AccountRegistration_test
23:31:16:463 [TestNG-tests-1] INFO  testCases.TC_001_AccountRegistration_test - Click on My Account Page
23:31:17:144 [TestNG-tests-1] INFO  testCases.TC_001_AccountRegistration_test - Click on My Register Page
23:31:17:149 [TestNG-tests-1] INFO  testCases.TC_001_AccountRegistration_test - Providing Registartion Details
23:31:19:184 [TestNG-tests-1] INFO  testCases.TC_001_AccountRegistration_test - Validation Message
23:31:19:260 [TestNG-tests-1] INFO  testCases.TC_001_AccountRegistration_test - Completed my Test Case
23:31:21:443 [TestNG-tests-2] INFO  testCases.TC_001_AccountRegistration_test - ** Started My Test Case TC_001_AccountRegistration_test
23:31:21:604 [TestNG-tests-2] INFO  testCases.TC_001_AccountRegistration_test - Click on My Account Page
23:31:22:122 [TestNG-tests-2] INFO  testCases.TC_001_AccountRegistration_test - Click on My Register Page
23:31:22:123 [TestNG-tests-2] INFO  testCases.TC_001_AccountRegistration_test - Providing Registartion Details
23:31:24:095 [TestNG-tests-2] INFO  testCases.TC_001_AccountRegistration_test - Validation Message
23:31:24:148 [TestNG-tests-2] INFO  testCases.TC_001_AccountRegistration_test - Completed my Test Case
11:59:23:504 [main] DEBUG org.testng.TestNG - suiteXmlPath: "C:\Users\DhanuDJ\eclipse-workspace\Opencartv121\Sgrid.xml"
11:59:24:020 [main] INFO  org.testng.internal.Utils - [TestNG] Running:
  C:\Users\DhanuDJ\eclipse-workspace\Opencartv121\Sgrid.xml

11:59:48:284 [main] INFO  testCases.TC_001_AccountRegistration_test - ** Started My Test Case TC_001_AccountRegistration_test
11:59:49:051 [main] INFO  testCases.TC_001_AccountRegistration_test - Click on My Account Page
11:59:50:379 [main] INFO  testCases.TC_001_AccountRegistration_test - Click on My Register Page
11:59:50:396 [main] INFO  testCases.TC_001_AccountRegistration_test - Providing Registartion Details
11:59:54:218 [main] INFO  testCases.TC_001_AccountRegistration_test - Validation Message
11:59:54:304 [main] INFO  testCases.TC_001_AccountRegistration_test - Completed my Test Case
19:41:21:186 [main] DEBUG org.testng.TestNG - suiteXmlPath: "C:\Users\DhanuDJ\eclipse-workspace\Opencartv121\Sgrid.xml"
19:41:21:822 [main] INFO  org.testng.internal.Utils - [TestNG] Running:
  C:\Users\DhanuDJ\eclipse-workspace\Opencartv121\Sgrid.xml

19:41:29:143 [main] INFO  testCases.TC_001_AccountRegistration_test - ** Started My Test Case TC_001_AccountRegistration_test
19:41:29:466 [main] INFO  testCases.TC_001_AccountRegistration_test - Click on My Account Page
